11:11:09 **** Incremental Build of configuration Debug for project task_scheduler ****
make -j8 all 
arm-none-eabi-gcc "../Src/main.c" -mcpu=cortex-m4 -std=gnu11 -g3 -DDEBUG -DNUCLEO_F411RE -DSTM32 -DSTM32F4 -DSTM32F411RETx -c -I../Inc -O0 -ffunction-sections -fdata-sections -Wall -fstack-usage -fcyclomatic-complexity -MMD -MP -MF"Src/main.d" -MT"Src/main.o" --specs=nano.specs -mfpu=fpv4-sp-d16 -mfloat-abi=hard -mthumb -o "Src/main.o"
../Src/main.c:24:4: warning: #warning "FPU is not initialized, but the project is compiling for an FPU. Please initialize the FPU before use." [-Wcpp]
   24 |   #warning "FPU is not initialized, but the project is compiling for an FPU. Please initialize the FPU before use."
      |    ^~~~~~~
../Src/main.c:113:24: warning: return type defaults to 'int' [-Wimplicit-int]
  113 | __attribute__((naked)) SysTick_Handler(void)
      |                        ^~~~~~~~~~~~~~~
arm-none-eabi-gcc -o "task_scheduler.elf" @"objects.list"   -mcpu=cortex-m4 -T"E:\Embedded Systems Programming on ARM\Workspace\task_scheduler\STM32F411RETX_FLASH.ld" --specs=nosys.specs -Wl,-Map="task_scheduler.map" -Wl,--gc-sections -static --specs=nano.specs -mfpu=fpv4-sp-d16 -mfloat-abi=hard -mthumb -Wl,--start-group -lc -lm -Wl,--end-group
Finished building target: task_scheduler.elf
 
arm-none-eabi-size   task_scheduler.elf 
arm-none-eabi-objdump -h -S  task_scheduler.elf  > "task_scheduler.list"
   text	   data	    bss	    dec	    hex	filename
   4276	    116	   1924	   6316	   18ac	task_scheduler.elf
Finished building: default.size.stdout
 
Finished building: task_scheduler.list
 
11:11:11 **** Incremental Build of configuration Debug for project task_scheduler ****
make -j8 all 
arm-none-eabi-size   task_scheduler.elf 
   text	   data	    bss	    dec	    hex	filename
   4276	    116	   1924	   6316	   18ac	task_scheduler.elf
Finished building: default.size.stdout
 
11:29:43 **** Incremental Build of configuration Debug for project task_scheduler ****
make -j8 all 
arm-none-eabi-size   task_scheduler.elf 
   text	   data	    bss	    dec	    hex	filename
   4276	    116	   1924	   6316	   18ac	task_scheduler.elf
Finished building: default.size.stdout
 
11:34:16 **** Incremental Build of configuration Debug for project task_scheduler ****
make -j8 all 
arm-none-eabi-size   task_scheduler.elf 
   text	   data	    bss	    dec	    hex	filename
   4276	    116	   1924	   6316	   18ac	task_scheduler.elf
Finished building: default.size.stdout
 
