01:11:07 **** Incremental Build of configuration Debug for project Operation_modes ****
make -j8 all 
arm-none-eabi-gcc "../Src/main.c" -mcpu=cortex-m4 -std=gnu11 -g3 -DDEBUG -DNUCLEO_F411RE -DSTM32 -DSTM32F4 -DSTM32F411RETx -c -I../Inc -O0 -ffunction-sections -fdata-sections -Wall -fstack-usage -fcyclomatic-complexity -MMD -MP -MF"Src/main.d" -MT"Src/main.o" --specs=nano.specs -mfloat-abi=soft -mthumb -o "Src/main.o"
arm-none-eabi-gcc -o "Operation_modes.elf" @"objects.list"   -mcpu=cortex-m4 -T"E:\Embedded Systems Programming on ARM\Workspace\Operation_modes\STM32F411RETX_FLASH.ld" --specs=nosys.specs -Wl,-Map="Operation_modes.map" -Wl,--gc-sections -static --specs=nano.specs -mfloat-abi=soft -mthumb -Wl,--start-group -lc -lm -Wl,--end-group
Finished building target: Operation_modes.elf
 
arm-none-eabi-size   Operation_modes.elf 
arm-none-eabi-objdump -h -S  Operation_modes.elf  > "Operation_modes.list"
   text	   data	    bss	    dec	    hex	filename
   3556	    100	   1900	   5556	   15b4	Operation_modes.elf
Finished building: default.size.stdout
 
Finished building: Operation_modes.list
 

01:11:08 Build Finished. 0 errors, 0 warnings. (took 753ms)

